###############################################################################
#
# IAR ELF Linker V7.80.4.12462/W32 for ARM                04/Feb/2018  18:18:05
# Copyright 2007-2017 IAR Systems AB.
#
#    Output file  =  
#        E:\cortex-m3\stm32_rtos_templ\proj\Debug\Exe\stm32_rtos_template.out
#    Map file     =  
#        E:\cortex-m3\stm32_rtos_templ\proj\Debug\List\stm32_rtos_template.map
#    Command line =  
#        E:\cortex-m3\stm32_rtos_templ\proj\Debug\Obj\croutine.o
#        E:\cortex-m3\stm32_rtos_templ\proj\Debug\Obj\event_groups.o
#        E:\cortex-m3\stm32_rtos_templ\proj\Debug\Obj\heap_4.o
#        E:\cortex-m3\stm32_rtos_templ\proj\Debug\Obj\list.o
#        E:\cortex-m3\stm32_rtos_templ\proj\Debug\Obj\main.o
#        E:\cortex-m3\stm32_rtos_templ\proj\Debug\Obj\misc.o
#        E:\cortex-m3\stm32_rtos_templ\proj\Debug\Obj\port.o
#        E:\cortex-m3\stm32_rtos_templ\proj\Debug\Obj\portasm.o
#        E:\cortex-m3\stm32_rtos_templ\proj\Debug\Obj\queue.o
#        E:\cortex-m3\stm32_rtos_templ\proj\Debug\Obj\startup_stm32f10x_md.o
#        E:\cortex-m3\stm32_rtos_templ\proj\Debug\Obj\stm32f10x_adc.o
#        E:\cortex-m3\stm32_rtos_templ\proj\Debug\Obj\stm32f10x_bkp.o
#        E:\cortex-m3\stm32_rtos_templ\proj\Debug\Obj\stm32f10x_can.o
#        E:\cortex-m3\stm32_rtos_templ\proj\Debug\Obj\stm32f10x_cec.o
#        E:\cortex-m3\stm32_rtos_templ\proj\Debug\Obj\stm32f10x_crc.o
#        E:\cortex-m3\stm32_rtos_templ\proj\Debug\Obj\stm32f10x_dac.o
#        E:\cortex-m3\stm32_rtos_templ\proj\Debug\Obj\stm32f10x_dbgmcu.o
#        E:\cortex-m3\stm32_rtos_templ\proj\Debug\Obj\stm32f10x_dma.o
#        E:\cortex-m3\stm32_rtos_templ\proj\Debug\Obj\stm32f10x_exti.o
#        E:\cortex-m3\stm32_rtos_templ\proj\Debug\Obj\stm32f10x_flash.o
#        E:\cortex-m3\stm32_rtos_templ\proj\Debug\Obj\stm32f10x_fsmc.o
#        E:\cortex-m3\stm32_rtos_templ\proj\Debug\Obj\stm32f10x_gpio.o
#        E:\cortex-m3\stm32_rtos_templ\proj\Debug\Obj\stm32f10x_i2c.o
#        E:\cortex-m3\stm32_rtos_templ\proj\Debug\Obj\stm32f10x_it.o
#        E:\cortex-m3\stm32_rtos_templ\proj\Debug\Obj\stm32f10x_iwdg.o
#        E:\cortex-m3\stm32_rtos_templ\proj\Debug\Obj\stm32f10x_pwr.o
#        E:\cortex-m3\stm32_rtos_templ\proj\Debug\Obj\stm32f10x_rcc.o
#        E:\cortex-m3\stm32_rtos_templ\proj\Debug\Obj\stm32f10x_rtc.o
#        E:\cortex-m3\stm32_rtos_templ\proj\Debug\Obj\stm32f10x_sdio.o
#        E:\cortex-m3\stm32_rtos_templ\proj\Debug\Obj\stm32f10x_spi.o
#        E:\cortex-m3\stm32_rtos_templ\proj\Debug\Obj\stm32f10x_tim.o
#        E:\cortex-m3\stm32_rtos_templ\proj\Debug\Obj\stm32f10x_usart.o
#        E:\cortex-m3\stm32_rtos_templ\proj\Debug\Obj\stm32f10x_wwdg.o
#        E:\cortex-m3\stm32_rtos_templ\proj\Debug\Obj\stream_buffer.o
#        E:\cortex-m3\stm32_rtos_templ\proj\Debug\Obj\system_stm32f10x.o
#        E:\cortex-m3\stm32_rtos_templ\proj\Debug\Obj\tasks.o
#        E:\cortex-m3\stm32_rtos_templ\proj\Debug\Obj\timers.o -o
#        E:\cortex-m3\stm32_rtos_templ\proj\Debug\Exe\stm32_rtos_template.out
#        --map
#        E:\cortex-m3\stm32_rtos_templ\proj\Debug\List\stm32_rtos_template.map
#        --config E:\cortex-m3\stm32_rtos_templ\linkfile\stm32f10x_ram.icf
#        --semihosting --entry __iar_program_start --redirect
#        __iar_sh_stdout=__iar_sh_stdout_swo --vfe
#
###############################################################################

*******************************************************************************
*** RUNTIME MODEL ATTRIBUTES
***

CppFlavor       = *
__SystemLibrary = DLib


*******************************************************************************
*** PLACEMENT SUMMARY
***

"A0":  place at 0x20000000 { ro section .intvec };
"P1":  place in [from 0x20000000 to 0x200027ff] { ro };
"P2":  place in [from 0x20002800 to 0x20004fff] { rw, block CSTACK, block HEAP };
initialize by copy { rw };

  Section            Kind        Address    Size  Object
  -------            ----        -------    ----  ------
"A0":                                       0xec
  .intvec            ro code  0x20000000    0xec  startup_stm32f10x_md.o [1]
                            - 0x200000ec    0xec

"P1":                                      0xfa4
  .text              ro code  0x200000ec   0x660  tasks.o [1]
  .text              ro code  0x2000074c   0x1ec  heap_4.o [1]
  .text              ro code  0x20000938    0x98  list.o [1]
  .text              ro code  0x200009d0    0xf4  port.o [1]
  CODE               ro code  0x20000ac4    0x88  portasm.o [1]
  .text              ro code  0x20000b4c   0x158  system_stm32f10x.o [1]
  .text              ro code  0x20000ca4    0xf0  main.o [1]
  .text              ro code  0x20000d94    0x24  stm32f10x_rcc.o [1]
  .text              ro code  0x20000db8    0xcc  stm32f10x_gpio.o [1]
  .text              ro code  0x20000e84    0x40  zero_init3.o [4]
  .text              ro code  0x20000ec4    0x2c  copy_init3.o [4]
  .text              ro code  0x20000ef0    0x28  data_init.o [4]
  .iar.init_table    const    0x20000f18    0x24  - Linker created -
  .text              ro code  0x20000f3c    0x1a  cmain.o [4]
  .text              ro code  0x20000f56     0x4  low_level_init.o [3]
  .text              ro code  0x20000f5a     0x4  exit.o [3]
  .text              ro code  0x20000f60     0xa  cexit.o [4]
  .text              ro code  0x20000f6c    0x14  exit.o [5]
  .text              ro code  0x20000f80    0x10  startup_stm32f10x_md.o [1]
  .text              ro code  0x20000f90     0xc  stm32f10x_it.o [1]
  .text              ro code  0x20000f9c     0xc  cstartup_M.o [4]
  .rodata            const    0x20000fa8     0x8  main.o [1]
  .rodata            const    0x20000fb0     0x8  tasks.o [1]
  .rodata            const    0x20000fb8     0x4  heap_4.o [1]
  .text              ro code  0x20000fbc     0x4  startup_stm32f10x_md.o [1]
  .text              ro code  0x20000fc0     0x4  startup_stm32f10x_md.o [1]
  .text              ro code  0x20000fc4     0x4  startup_stm32f10x_md.o [1]
  .text              ro code  0x20000fc8     0x4  startup_stm32f10x_md.o [1]
  .text              ro code  0x20000fcc     0x4  startup_stm32f10x_md.o [1]
  .text              ro code  0x20000fd0     0x4  startup_stm32f10x_md.o [1]
  .text              ro code  0x20000fd4     0x4  startup_stm32f10x_md.o [1]
  .text              ro code  0x20000fd8     0x4  startup_stm32f10x_md.o [1]
  .text              ro code  0x20000fdc     0x4  startup_stm32f10x_md.o [1]
  .text              ro code  0x20000fe0     0x4  startup_stm32f10x_md.o [1]
  .text              ro code  0x20000fe4     0x4  startup_stm32f10x_md.o [1]
  .text              ro code  0x20000fe8     0x4  startup_stm32f10x_md.o [1]
  .text              ro code  0x20000fec     0x4  startup_stm32f10x_md.o [1]
  .text              ro code  0x20000ff0     0x4  startup_stm32f10x_md.o [1]
  .text              ro code  0x20000ff4     0x4  startup_stm32f10x_md.o [1]
  .text              ro code  0x20000ff8     0x4  startup_stm32f10x_md.o [1]
  .text              ro code  0x20000ffc     0x4  startup_stm32f10x_md.o [1]
  .text              ro code  0x20001000     0x4  startup_stm32f10x_md.o [1]
  .text              ro code  0x20001004     0x4  startup_stm32f10x_md.o [1]
  .text              ro code  0x20001008     0x4  startup_stm32f10x_md.o [1]
  .text              ro code  0x2000100c     0x4  startup_stm32f10x_md.o [1]
  .text              ro code  0x20001010     0x4  startup_stm32f10x_md.o [1]
  .text              ro code  0x20001014     0x4  startup_stm32f10x_md.o [1]
  .text              ro code  0x20001018     0x4  startup_stm32f10x_md.o [1]
  .text              ro code  0x2000101c     0x4  startup_stm32f10x_md.o [1]
  .text              ro code  0x20001020     0x4  startup_stm32f10x_md.o [1]
  .text              ro code  0x20001024     0x4  startup_stm32f10x_md.o [1]
  .text              ro code  0x20001028     0x4  startup_stm32f10x_md.o [1]
  .text              ro code  0x2000102c     0x4  startup_stm32f10x_md.o [1]
  .text              ro code  0x20001030     0x4  startup_stm32f10x_md.o [1]
  .text              ro code  0x20001034     0x4  startup_stm32f10x_md.o [1]
  .text              ro code  0x20001038     0x4  startup_stm32f10x_md.o [1]
  .text              ro code  0x2000103c     0x4  startup_stm32f10x_md.o [1]
  .text              ro code  0x20001040     0x4  startup_stm32f10x_md.o [1]
  .text              ro code  0x20001044     0x4  startup_stm32f10x_md.o [1]
  .text              ro code  0x20001048     0x4  startup_stm32f10x_md.o [1]
  .text              ro code  0x2000104c     0x4  startup_stm32f10x_md.o [1]
  .text              ro code  0x20001050     0x4  startup_stm32f10x_md.o [1]
  .text              ro code  0x20001054     0x4  startup_stm32f10x_md.o [1]
  .text              ro code  0x20001058     0x4  startup_stm32f10x_md.o [1]
  .text              ro code  0x2000105c     0x4  startup_stm32f10x_md.o [1]
  .text              ro code  0x20001060     0x4  startup_stm32f10x_md.o [1]
  .text              ro code  0x20001064     0x4  startup_stm32f10x_md.o [1]
  .text              ro code  0x20001068     0x4  startup_stm32f10x_md.o [1]
  .text              ro code  0x2000106c     0x4  startup_stm32f10x_md.o [1]
  .text              ro code  0x20001070     0x4  startup_stm32f10x_md.o [1]
  .text              ro code  0x20001074     0x4  startup_stm32f10x_md.o [1]
  .text              ro code  0x20001078     0x4  startup_stm32f10x_md.o [1]
  .text              ro code  0x2000107c     0x4  startup_stm32f10x_md.o [1]
  .text              ro code  0x20001080     0x4  startup_stm32f10x_md.o [1]
  .text              ro code  0x20001084     0x4  startup_stm32f10x_md.o [1]
  .text              ro code  0x20001088     0x4  startup_stm32f10x_md.o [1]
  Initializer bytes  const    0x2000108c     0x4  <for P2-1>
  .rodata            const    0x20001090     0x0  zero_init3.o [4]
  .rodata            const    0x20001090     0x0  copy_init3.o [4]
                            - 0x20001090   0xfa4

"P2", part 1 of 3:                           0x4
  P2-1                        0x20002800     0x4  <Init block>
    .data            inited   0x20002800     0x4  port.o [1]
                            - 0x20002804     0x4

"P2", part 2 of 3:                         0x400
  CSTACK                      0x20002808   0x400  <Block>
    CSTACK           uninit   0x20002808   0x400  <Block tail>
                            - 0x20002c08   0x400

"P2", part 3 of 3:                        0x211c
  .bss               zero     0x20002c08  0x2000  heap_4.o [1]
  .bss               zero     0x20004c08    0x64  tasks.o [1]
  .bss               zero     0x20004c6c    0x14  tasks.o [1]
  .bss               zero     0x20004c80    0x14  tasks.o [1]
  .bss               zero     0x20004c94    0x14  tasks.o [1]
  .bss               zero     0x20004ca8    0x14  tasks.o [1]
  .bss               zero     0x20004cbc    0x14  tasks.o [1]
  .bss               zero     0x20004cd0     0x8  heap_4.o [1]
  .bss               zero     0x20004cd8     0x4  heap_4.o [1]
  .bss               zero     0x20004cdc     0x4  heap_4.o [1]
  .bss               zero     0x20004ce0     0x4  heap_4.o [1]
  .bss               zero     0x20004ce4     0x4  heap_4.o [1]
  .bss               zero     0x20004ce8     0x4  tasks.o [1]
  .bss               zero     0x20004cec     0x4  tasks.o [1]
  .bss               zero     0x20004cf0     0x4  tasks.o [1]
  .bss               zero     0x20004cf4     0x4  tasks.o [1]
  .bss               zero     0x20004cf8     0x4  tasks.o [1]
  .bss               zero     0x20004cfc     0x4  tasks.o [1]
  .bss               zero     0x20004d00     0x4  tasks.o [1]
  .bss               zero     0x20004d04     0x4  tasks.o [1]
  .bss               zero     0x20004d08     0x4  tasks.o [1]
  .bss               zero     0x20004d0c     0x4  tasks.o [1]
  .bss               zero     0x20004d10     0x4  tasks.o [1]
  .bss               zero     0x20004d14     0x4  tasks.o [1]
  .bss               zero     0x20004d18     0x4  tasks.o [1]
  .bss               zero     0x20004d1c     0x4  tasks.o [1]
  .bss               zero     0x20004d20     0x4  tasks.o [1]
                            - 0x20004d24  0x211c


*******************************************************************************
*** INIT TABLE
***

          Address     Size
          -------     ----
Zero (__iar_zero_init3)
    1 destination range, total size 0x211c:
          0x20002c08  0x211c

Copy (__iar_copy_init3)
    1 source range, total size 0x4:
          0x2000108c     0x4
    1 destination range, total size 0x4:
          0x20002800     0x4



*******************************************************************************
*** MODULE SUMMARY
***

    Module                  ro code  ro data  rw data
    ------                  -------  -------  -------
E:\cortex-m3\stm32_rtos_templ\proj\Debug\Obj: [1]
    heap_4.o                    492        4    8 216
    list.o                      152
    main.o                      240        8
    port.o                      244        4        4
    portasm.o                   136
    startup_stm32f10x_md.o      460
    stm32f10x_gpio.o            204
    stm32f10x_it.o               12
    stm32f10x_rcc.o              36
    system_stm32f10x.o          344
    tasks.o                   1 632        8      260
    -------------------------------------------------
    Total:                    3 952       24    8 480

command line: [2]
    -------------------------------------------------
    Total:

dl7M_tln.a: [3]
    exit.o                        4
    low_level_init.o              4
    -------------------------------------------------
    Total:                        8

rt7M_tl.a: [4]
    cexit.o                      10
    cmain.o                      26
    copy_init3.o                 44
    cstartup_M.o                 12
    data_init.o                  40
    zero_init3.o                 64
    -------------------------------------------------
    Total:                      196

shb_l.a: [5]
    exit.o                       20
    -------------------------------------------------
    Total:                       20

    Gaps                          4
    Linker created                        36    1 024
-----------------------------------------------------
    Grand Total:              4 180       60    9 504


*******************************************************************************
*** ENTRY LIST
***

Entry                      Address    Size  Type      Object
-----                      -------    ----  ----      ------
.iar.init_table$$Base   0x20000f18           --   Gb  - Linker created -
.iar.init_table$$Limit  0x20000f3c           --   Gb  - Linker created -
?main                   0x20000f3d          Code  Gb  cmain.o [4]
BusFault_Handler        0x20000f97     0x2  Code  Gb  stm32f10x_it.o [1]
CSTACK$$Base            0x20002808           --   Gb  - Linker created -
CSTACK$$Limit           0x20002c08           --   Gb  - Linker created -
DebugMon_Handler        0x20000f9b     0x2  Code  Gb  stm32f10x_it.o [1]
GPIO_Init               0x20000db9    0xc0  Code  Gb  stm32f10x_gpio.o [1]
GPIO_ResetBits          0x20000e7f     0x6  Code  Gb  stm32f10x_gpio.o [1]
GPIO_SetBits            0x20000e79     0x6  Code  Gb  stm32f10x_gpio.o [1]
HardFault_Handler       0x20000f93     0x2  Code  Gb  stm32f10x_it.o [1]
LedInit                 0x20000cf5    0x28  Code  Gb  main.o [1]
MemManage_Handler       0x20000f95     0x2  Code  Gb  stm32f10x_it.o [1]
NMI_Handler             0x20000f91     0x2  Code  Gb  stm32f10x_it.o [1]
NVIC_SetPriority        0x20000ca5    0x22  Code  Lc  main.o [1]
PendSV_Handler          0x20000ac5          Code  Gb  portasm.o [1]
RCC_APB2PeriphClockCmd  0x20000d95    0x20  Code  Gb  stm32f10x_rcc.o [1]
Region$$Table$$Base     0x20000f18           --   Gb  - Linker created -
Region$$Table$$Limit    0x20000f3c           --   Gb  - Linker created -
SVC_Handler             0x20000b0b          Code  Gb  portasm.o [1]
SetSysClock             0x20000ba1     0x8  Code  Lc  system_stm32f10x.o [1]
SetSysClockTo72         0x20000ba9    0xe0  Code  Lc  system_stm32f10x.o [1]
SysTick_Config          0x20000cc7    0x2e  Code  Lc  main.o [1]
SysTick_Handler         0x20000a61    0x28  Code  Gb  port.o [1]
SystemInit              0x20000b4d    0x54  Code  Gb  system_stm32f10x.o [1]
UsageFault_Handler      0x20000f99     0x2  Code  Gb  stm32f10x_it.o [1]
__cmain                 0x20000f3d          Code  Gb  cmain.o [4]
__exit                  0x20000f6d    0x14  Code  Gb  exit.o [5]
__iar_copy_init3        0x20000ec5    0x2c  Code  Gb  copy_init3.o [4]
__iar_data_init3        0x20000ef1    0x28  Code  Gb  data_init.o [4]
__iar_program_start     0x20000f9d          Code  Gb  cstartup_M.o [4]
__iar_zero_init3        0x20000e85    0x40  Code  Gb  zero_init3.o [4]
__low_level_init        0x20000f57     0x4  Code  Gb  low_level_init.o [3]
__vector_table          0x20000000          Data  Gb  startup_stm32f10x_md.o [1]
_call_main              0x20000f49          Code  Gb  cmain.o [4]
_exit                   0x20000f61          Code  Gb  cexit.o [4]
_main                   0x20000f53          Code  Gb  cmain.o [4]
exit                    0x20000f5b     0x4  Code  Gb  exit.o [3]
main                    0x20000d49    0x26  Code  Gb  main.o [1]
prvAddCurrentTaskToDelayedList
                        0x20000689    0x80  Code  Lc  tasks.o [1]
prvAddNewTaskToReadyList
                        0x200001e5    0xb8  Code  Lc  tasks.o [1]
prvCheckTasksWaitingTermination
                        0x200005e1    0x3c  Code  Lc  tasks.o [1]
prvDeleteTCB            0x2000061d    0x12  Code  Lc  tasks.o [1]
prvHeapInit             0x20000859    0x64  Code  Lc  heap_4.o [1]
prvIdleTask             0x20000569    0x22  Code  Lc  tasks.o [1]
prvInitialiseNewTask    0x20000163    0x82  Code  Lc  tasks.o [1]
prvInitialiseTaskLists  0x2000058b    0x56  Code  Lc  tasks.o [1]
prvInsertBlockIntoFreeList
                        0x200008bd    0x5c  Code  Lc  heap_4.o [1]
prvResetNextTaskUnblockTime
                        0x2000062f    0x2c  Code  Lc  tasks.o [1]
prvTaskExitError        0x200009f1    0x10  Code  Lc  port.o [1]
pvPortMalloc            0x2000074d    0xc6  Code  Gb  heap_4.o [1]
pxCurrentTCB            0x20004ce8     0x4  Data  Gb  tasks.o [1]
pxDelayedTaskList       0x20004cec     0x4  Data  Lc  tasks.o [1]
pxEnd                   0x20004cd8     0x4  Data  Lc  heap_4.o [1]
pxOverflowDelayedTaskList
                        0x20004cf0     0x4  Data  Lc  tasks.o [1]
pxPortInitialiseStack   0x200009d1    0x20  Code  Gb  port.o [1]
pxReadyTasksLists       0x20004c08    0x64  Data  Lc  tasks.o [1]
task1                   0x20000d1d    0x2c  Code  Gb  main.o [1]
ucHeap                  0x20002c08  0x2000  Data  Lc  heap_4.o [1]
uxCriticalNesting       0x20002800     0x4  Data  Lc  port.o [1]
uxCurrentNumberOfTasks  0x20004cf8     0x4  Data  Lc  tasks.o [1]
uxDeletedTasksWaitingCleanUp
                        0x20004cf4     0x4  Data  Lc  tasks.o [1]
uxListRemove            0x200009ab    0x26  Code  Gb  list.o [1]
uxPendedTicks           0x20004d08     0x4  Data  Lc  tasks.o [1]
uxSchedulerSuspended    0x20004d20     0x4  Data  Lc  tasks.o [1]
uxTaskNumber            0x20004d14     0x4  Data  Lc  tasks.o [1]
uxTopReadyPriority      0x20004d00     0x4  Data  Lc  tasks.o [1]
vListInitialise         0x20000939    0x1e  Code  Gb  list.o [1]
vListInitialiseItem     0x20000957     0x6  Code  Gb  list.o [1]
vListInsert             0x20000975    0x36  Code  Gb  list.o [1]
vListInsertEnd          0x2000095d    0x18  Code  Gb  list.o [1]
vPortEnterCritical      0x20000a2d    0x1a  Code  Gb  port.o [1]
vPortExitCritical       0x20000a47    0x1a  Code  Gb  port.o [1]
vPortFree               0x20000813    0x46  Code  Gb  heap_4.o [1]
vPortSetupTimerInterrupt
                        0x20000a99    0x2c  Code  Wk  port.o [1]
vPortStartFirstTask     0x20000b2b          Code  Gb  portasm.o [1]
vTaskDelay              0x2000029d    0x32  Code  Gb  tasks.o [1]
vTaskStartScheduler     0x200002cf    0x50  Code  Gb  tasks.o [1]
vTaskSuspendAll         0x2000031f    0x10  Code  Gb  tasks.o [1]
vTaskSwitchContext      0x20000515    0x54  Code  Gb  tasks.o [1]
xBlockAllocatedBit      0x20004ce4     0x4  Data  Lc  heap_4.o [1]
xDelayedTaskList1       0x20004c6c    0x14  Data  Lc  tasks.o [1]
xDelayedTaskList2       0x20004c80    0x14  Data  Lc  tasks.o [1]
xFreeBytesRemaining     0x20004cdc     0x4  Data  Lc  heap_4.o [1]
xHeapStructSize         0x20000fb8     0x4  Data  Lc  heap_4.o [1]
xIdleTaskHandle         0x20004d1c     0x4  Data  Lc  tasks.o [1]
xMinimumEverFreeBytesRemaining
                        0x20004ce0     0x4  Data  Lc  heap_4.o [1]
xNextTaskUnblockTime    0x20004d18     0x4  Data  Lc  tasks.o [1]
xNumOfOverflows         0x20004d10     0x4  Data  Lc  tasks.o [1]
xPendingReadyList       0x20004c94    0x14  Data  Lc  tasks.o [1]
xPortStartScheduler     0x20000a01    0x2c  Code  Gb  port.o [1]
xSchedulerRunning       0x20004d04     0x4  Data  Lc  tasks.o [1]
xStart                  0x20004cd0     0x8  Data  Lc  heap_4.o [1]
xSuspendedTaskList      0x20004cbc    0x14  Data  Lc  tasks.o [1]
xTaskCreate             0x200000ed    0x76  Code  Gb  tasks.o [1]
xTaskIncrementTick      0x2000040f   0x106  Code  Gb  tasks.o [1]
xTaskResumeAll          0x2000032f    0xe0  Code  Gb  tasks.o [1]
xTasksWaitingTermination
                        0x20004ca8    0x14  Data  Lc  tasks.o [1]
xTickCount              0x20004cfc     0x4  Data  Lc  tasks.o [1]
xYieldPending           0x20004d0c     0x4  Data  Lc  tasks.o [1]


[1] = E:\cortex-m3\stm32_rtos_templ\proj\Debug\Obj
[2] = command line
[3] = dl7M_tln.a
[4] = rt7M_tl.a
[5] = shb_l.a

  4 180 bytes of readonly  code memory
     60 bytes of readonly  data memory
  9 504 bytes of readwrite data memory

Errors: none
Warnings: none
